// Jest Snapshot v1, https://goo.gl/fbAQLP

exports[`Badge Snapshot renders default type 1`] = `
ShallowWrapper {
  Symbol(enzyme.__root__): [Circular],
  Symbol(enzyme.__unrendered__): <Badge
    title="测试tag"
    type="text"
  />,
  Symbol(enzyme.__renderer__): Object {
    "batchedUpdates": [Function],
    "getNode": [Function],
    "render": [Function],
    "simulateError": [Function],
    "simulateEvent": [Function],
    "unmount": [Function],
  },
  Symbol(enzyme.__node__): Object {
    "instance": null,
    "key": undefined,
    "nodeType": "class",
    "props": Object {
      "children": Array [
        <View
          style={
            Array [
              Object {
                "alignItems": "center",
                "backgroundColor": "#FF301A",
                "borderRadius": 12,
                "justifyContent": "center",
                "paddingHorizontal": 6,
                "paddingVertical": 2,
              },
              undefined,
            ]
          }
        >
          <Text
            accessible={true}
            allowFontScaling={true}
            ellipsizeMode="tail"
            style={
              Array [
                Object {
                  "color": "#fff",
                  "fontSize": 10,
                },
                undefined,
              ]
            }
          >
            测试tag
          </Text>
        </View>,
        null,
        null,
      ],
      "style": Object {
        "flexDirection": "row",
      },
    },
    "ref": null,
    "rendered": Array [
      Object {
        "instance": null,
        "key": undefined,
        "nodeType": "class",
        "props": Object {
          "children": Array [
            <Text
              accessible={true}
              allowFontScaling={true}
              ellipsizeMode="tail"
              style={
                Array [
                  Object {
                    "color": "#fff",
                    "fontSize": 10,
                  },
                  undefined,
                ]
              }
            >
              测试tag
            </Text>,
            undefined,
          ],
          "style": Array [
            Object {
              "alignItems": "center",
              "backgroundColor": "#FF301A",
              "borderRadius": 12,
              "justifyContent": "center",
              "paddingHorizontal": 6,
              "paddingVertical": 2,
            },
            undefined,
          ],
        },
        "ref": null,
        "rendered": Array [
          Object {
            "instance": null,
            "key": undefined,
            "nodeType": "class",
            "props": Object {
              "accessible": true,
              "allowFontScaling": true,
              "children": "测试tag",
              "ellipsizeMode": "tail",
              "style": Array [
                Object {
                  "color": "#fff",
                  "fontSize": 10,
                },
                undefined,
              ],
            },
            "ref": null,
            "rendered": "测试tag",
            "type": [Function],
          },
          undefined,
        ],
        "type": [Function],
      },
      null,
      null,
    ],
    "type": [Function],
  },
  Symbol(enzyme.__nodes__): Array [
    Object {
      "instance": null,
      "key": undefined,
      "nodeType": "class",
      "props": Object {
        "children": Array [
          <View
            style={
              Array [
                Object {
                  "alignItems": "center",
                  "backgroundColor": "#FF301A",
                  "borderRadius": 12,
                  "justifyContent": "center",
                  "paddingHorizontal": 6,
                  "paddingVertical": 2,
                },
                undefined,
              ]
            }
          >
            <Text
              accessible={true}
              allowFontScaling={true}
              ellipsizeMode="tail"
              style={
                Array [
                  Object {
                    "color": "#fff",
                    "fontSize": 10,
                  },
                  undefined,
                ]
              }
            >
              测试tag
            </Text>
          </View>,
          null,
          null,
        ],
        "style": Object {
          "flexDirection": "row",
        },
      },
      "ref": null,
      "rendered": Array [
        Object {
          "instance": null,
          "key": undefined,
          "nodeType": "class",
          "props": Object {
            "children": Array [
              <Text
                accessible={true}
                allowFontScaling={true}
                ellipsizeMode="tail"
                style={
                  Array [
                    Object {
                      "color": "#fff",
                      "fontSize": 10,
                    },
                    undefined,
                  ]
                }
              >
                测试tag
              </Text>,
              undefined,
            ],
            "style": Array [
              Object {
                "alignItems": "center",
                "backgroundColor": "#FF301A",
                "borderRadius": 12,
                "justifyContent": "center",
                "paddingHorizontal": 6,
                "paddingVertical": 2,
              },
              undefined,
            ],
          },
          "ref": null,
          "rendered": Array [
            Object {
              "instance": null,
              "key": undefined,
              "nodeType": "class",
              "props": Object {
                "accessible": true,
                "allowFontScaling": true,
                "children": "测试tag",
                "ellipsizeMode": "tail",
                "style": Array [
                  Object {
                    "color": "#fff",
                    "fontSize": 10,
                  },
                  undefined,
                ],
              },
              "ref": null,
              "rendered": "测试tag",
              "type": [Function],
            },
            undefined,
          ],
          "type": [Function],
        },
        null,
        null,
      ],
      "type": [Function],
    },
  ],
  Symbol(enzyme.__options__): Object {
    "adapter": ReactSixteenAdapter {
      "options": Object {
        "enableComponentDidUpdateOnSetState": true,
        "lifecycles": Object {
          "componentDidUpdate": Object {
            "onSetState": true,
          },
          "getDerivedStateFromProps": true,
          "getSnapshotBeforeUpdate": true,
          "setState": Object {
            "skipsComponentDidUpdateOnNullish": true,
          },
        },
      },
    },
  },
}
`;
